============================= test session starts ==============================
platform linux -- Python 3.10.19, pytest-9.0.2, pluggy-1.6.0
benchmark: 5.2.3 (defaults: timer=time.perf_counter disable_gc=False min_rounds=5 min_time=0.000005 max_time=1.0 calibration_precision=10 warmup=False warmup_iterations=100000)
rootdir: /tests
plugins: syrupy-5.0.0, docker-3.2.5, benchmark-5.2.3, mock-3.15.1, metadata-3.1.1, cov-7.0.0, json-report-1.5.0, timeout-2.4.0, xdist-3.8.0, trio-0.8.0, anyio-4.12.0
collected 17 items

